A51 MACRO ASSEMBLER  PROC51                                                               05/14/2018 20:10:08 PAGE     1


MACRO ASSEMBLER A51 V8.2.7.0
OBJECT MODULE PLACED IN .\EXE\proc51.obj
ASSEMBLER INVOKED BY: C:\Keil_v5\C51\BIN\A51.EXE proc51.asm SET(SMALL) DEBUG PRINT(.\LST\proc51.lst) OBJECT(.\EXE\proc51
                      .obj) EP

LOC  OBJ            LINE     SOURCE

  8000                 1     PTAC EQU 8000H
  8005                 2     POTO EQU 8005H
                       3     PROG    SEGMENT CODE
                       4             public potencjometr
----                   5                     RSEG PROG
0000                   6     potencjometr:
0000 908005            7             MOV DPTR,#POTO
0003 F0                8             MOVX @DPTR,A
0004 78FF              9             MOV R0,#255
0006 79FF             10             MOV R1,#255
0008                  11             skok1:
0008                  12             skok:
0008 D8FE             13             DJNZ R0,skok
000A D9FC             14             DJNZ R1,skok1
000C 908000           15             MOV DPTR,#PTAC
000F E0               16             MOVX A,@DPTR
0010 FF               17             MOV R7,A
0011 22               18     ret
                      19     end
A51 MACRO ASSEMBLER  PROC51                                                               05/14/2018 20:10:08 PAGE     2

SYMBOL TABLE LISTING
------ ----- -------


N A M E             T Y P E  V A L U E   ATTRIBUTES

POTENCJOMETR . . .  C ADDR   0000H   R   SEG=PROG
POTO . . . . . . .  N NUMB   8005H   A   
PROG . . . . . . .  C SEG    0012H       REL=UNIT
PTAC . . . . . . .  N NUMB   8000H   A   
SKOK . . . . . . .  C ADDR   0008H   R   SEG=PROG
SKOK1. . . . . . .  C ADDR   0008H   R   SEG=PROG


REGISTER BANK(S) USED: 0 


ASSEMBLY COMPLETE.  0 WARNING(S), 0 ERROR(S)
